2025-06-23 06:54:12,390 avocado.sysinfo INFO | Commands configured by file: /usr/local/lib/python3.10/dist-packages/avocado/etc/avocado/sysinfo/commands
2025-06-23 06:54:12,390 avocado.sysinfo INFO | Files configured by file: /usr/local/lib/python3.10/dist-packages/avocado/etc/avocado/sysinfo/files
2025-06-23 06:54:12,391 avocado.sysinfo DEBUG| File /usr/local/lib/python3.10/dist-packages/avocado/etc/avocado/sysinfo/fail_commands does not exist.
2025-06-23 06:54:12,391 avocado.sysinfo DEBUG| File /usr/local/lib/python3.10/dist-packages/avocado/etc/avocado/sysinfo/fail_files does not exist.
2025-06-23 06:54:12,391 avocado.sysinfo INFO | Profilers configured by file: /usr/local/lib/python3.10/dist-packages/avocado/etc/avocado/sysinfo/profilers
2025-06-23 06:54:12,392 avocado.sysinfo INFO | Profiler disabled
2025-06-23 06:54:12,752 avocado.sysinfo DEBUG| Not logging /sys/kernel/debug/sched_features (file not found)
2025-06-23 06:54:12,810 avocado.sysinfo DEBUG| Not logging /proc/pci (file not found)
2025-06-23 06:54:12,824 avocado.sysinfo DEBUG| Not logging /sys/devices/system/cpu/cpu0/cpufreq/scaling_governor (file not found)
2025-06-23 06:54:12,953 avocado.test INFO | Command line: /usr/local/bin/avocado run --nrunner-max-parallel-tasks 1 ./pcache.py -m ./pcache.py.data/pcache.yaml
2025-06-23 06:54:12,953 avocado.test INFO | 
2025-06-23 06:54:12,953 avocado.test INFO | Avocado version: 96.0
2025-06-23 06:54:12,954 avocado.test INFO | 
2025-06-23 06:54:12,954 avocado.test INFO | Avocado config:
2025-06-23 06:54:12,954 avocado.test INFO | 
2025-06-23 06:54:12,958 avocado.test INFO | {'assets.fetch.ignore_errors': False,
2025-06-23 06:54:12,959 avocado.test INFO |  'assets.fetch.references': [],
2025-06-23 06:54:12,959 avocado.test INFO |  'assets.fetch.timeout': 300,
2025-06-23 06:54:12,959 avocado.test INFO |  'assets.list.days': None,
2025-06-23 06:54:12,959 avocado.test INFO |  'assets.list.overall_limit': None,
2025-06-23 06:54:12,959 avocado.test INFO |  'assets.list.size_filter': None,
2025-06-23 06:54:12,959 avocado.test INFO |  'assets.purge.days': None,
2025-06-23 06:54:12,960 avocado.test INFO |  'assets.purge.overall_limit': None,
2025-06-23 06:54:12,960 avocado.test INFO |  'assets.purge.size_filter': None,
2025-06-23 06:54:12,960 avocado.test INFO |  'assets.register.name': None,
2025-06-23 06:54:12,960 avocado.test INFO |  'assets.register.sha1_hash': None,
2025-06-23 06:54:12,960 avocado.test INFO |  'assets.register.url': None,
2025-06-23 06:54:12,960 avocado.test INFO |  'config': None,
2025-06-23 06:54:12,960 avocado.test INFO |  'config.datadir': False,
2025-06-23 06:54:12,960 avocado.test INFO |  'core.input_encoding': 'utf-8',
2025-06-23 06:54:12,961 avocado.test INFO |  'core.paginator': False,
2025-06-23 06:54:12,961 avocado.test INFO |  'core.show': {'app'},
2025-06-23 06:54:12,961 avocado.test INFO |  'core.verbose': False,
2025-06-23 06:54:12,961 avocado.test INFO |  'datadir.paths.base_dir': '/root/avocado',
2025-06-23 06:54:12,961 avocado.test INFO |  'datadir.paths.cache_dirs': ['/root/avocado/data/cache'],
2025-06-23 06:54:12,961 avocado.test INFO |  'datadir.paths.data_dir': '/root/avocado/data',
2025-06-23 06:54:12,961 avocado.test INFO |  'datadir.paths.logs_dir': '/root/avocado/job-results',
2025-06-23 06:54:12,961 avocado.test INFO |  'datadir.paths.test_dir': '/usr/share/doc/avocado/tests',
2025-06-23 06:54:12,962 avocado.test INFO |  'diff.create_reports': False,
2025-06-23 06:54:12,962 avocado.test INFO |  'diff.filter': ['cmdline', 'time', 'variants', 'results', 'config', 'sysinfo'],
2025-06-23 06:54:12,962 avocado.test INFO |  'diff.html': None,
2025-06-23 06:54:12,962 avocado.test INFO |  'diff.jobids': [],
2025-06-23 06:54:12,962 avocado.test INFO |  'diff.open_browser': False,
2025-06-23 06:54:12,962 avocado.test INFO |  'diff.strip_id': False,
2025-06-23 06:54:12,962 avocado.test INFO |  'distro.distro_def_arch': '',
2025-06-23 06:54:12,963 avocado.test INFO |  'distro.distro_def_create': False,
2025-06-23 06:54:12,963 avocado.test INFO |  'distro.distro_def_name': '',
2025-06-23 06:54:12,963 avocado.test INFO |  'distro.distro_def_path': '',
2025-06-23 06:54:12,963 avocado.test INFO |  'distro.distro_def_release': '',
2025-06-23 06:54:12,964 avocado.test INFO |  'distro.distro_def_type': '',
2025-06-23 06:54:12,964 avocado.test INFO |  'distro.distro_def_version': '',
2025-06-23 06:54:12,964 avocado.test INFO |  'filter.by_tags.include_empty': False,
2025-06-23 06:54:12,964 avocado.test INFO |  'filter.by_tags.include_empty_key': False,
2025-06-23 06:54:12,964 avocado.test INFO |  'filter.by_tags.tags': [],
2025-06-23 06:54:12,964 avocado.test INFO |  'human_ui.omit.statuses': [],
2025-06-23 06:54:12,964 avocado.test INFO |  'job.output.loglevel': 'DEBUG',
2025-06-23 06:54:12,965 avocado.test INFO |  'job.output.testlogs.logfiles': ['debug.log'],
2025-06-23 06:54:12,965 avocado.test INFO |  'job.output.testlogs.statuses': [],
2025-06-23 06:54:12,965 avocado.test INFO |  'job.output.testlogs.summary_statuses': ['FAIL', 'ERROR'],
2025-06-23 06:54:12,965 avocado.test INFO |  'job.replay.source_job_id': 'latest',
2025-06-23 06:54:12,965 avocado.test INFO |  'job.run.result.html.enabled': True,
2025-06-23 06:54:12,965 avocado.test INFO |  'job.run.result.html.open_browser': False,
2025-06-23 06:54:12,965 avocado.test INFO |  'job.run.result.html.output': None,
2025-06-23 06:54:12,965 avocado.test INFO |  'job.run.result.json.enabled': True,
2025-06-23 06:54:12,966 avocado.test INFO |  'job.run.result.json.output': None,
2025-06-23 06:54:12,966 avocado.test INFO |  'job.run.result.tap.enabled': True,
2025-06-23 06:54:12,966 avocado.test INFO |  'job.run.result.tap.include_logs': False,
2025-06-23 06:54:12,966 avocado.test INFO |  'job.run.result.tap.output': None,
2025-06-23 06:54:12,966 avocado.test INFO |  'job.run.result.xunit.enabled': True,
2025-06-23 06:54:12,966 avocado.test INFO |  'job.run.result.xunit.job_name': None,
2025-06-23 06:54:12,966 avocado.test INFO |  'job.run.result.xunit.max_test_log_chars': 100000,
2025-06-23 06:54:12,966 avocado.test INFO |  'job.run.result.xunit.output': None,
2025-06-23 06:54:12,967 avocado.test INFO |  'job.run.store_logging_stream': ['avocado.core:DEBUG'],
2025-06-23 06:54:12,967 avocado.test INFO |  'job.run.timeout': 0,
2025-06-23 06:54:12,967 avocado.test INFO |  'jobs.get.output_files.destination': None,
2025-06-23 06:54:12,967 avocado.test INFO |  'jobs.get.output_files.job_id': None,
2025-06-23 06:54:12,967 avocado.test INFO |  'jobs.show.job_id': 'latest',
2025-06-23 06:54:12,967 avocado.test INFO |  'json.variants.load': None,
2025-06-23 06:54:12,967 avocado.test INFO |  'list.recipes.write_to_directory': None,
2025-06-23 06:54:12,968 avocado.test INFO |  'list.write_to_json_file': None,
2025-06-23 06:54:12,968 avocado.test INFO |  'nrunner.max_parallel_tasks': 1,
2025-06-23 06:54:12,968 avocado.test INFO |  'nrunner.shuffle': False,
2025-06-23 06:54:12,968 avocado.test INFO |  'nrunner.spawner': 'process',
2025-06-23 06:54:12,968 avocado.test INFO |  'nrunner.status_server_auto': True,
2025-06-23 06:54:12,968 avocado.test INFO |  'nrunner.status_server_buffer_size': 33554432,
2025-06-23 06:54:12,968 avocado.test INFO |  'nrunner.status_server_listen': '127.0.0.1:8888',
2025-06-23 06:54:12,969 avocado.test INFO |  'nrunner.status_server_uri': '127.0.0.1:8888',
2025-06-23 06:54:12,969 avocado.test INFO |  'plugins.cli.cmd.order': [],
2025-06-23 06:54:12,969 avocado.test INFO |  'plugins.cli.order': [],
2025-06-23 06:54:12,969 avocado.test INFO |  'plugins.disable': [],
2025-06-23 06:54:12,969 avocado.test INFO |  'plugins.init.order': [],
2025-06-23 06:54:12,969 avocado.test INFO |  'plugins.job.prepost.order': [],
2025-06-23 06:54:12,969 avocado.test INFO |  'plugins.jobscripts.post': '/etc/avocado/scripts/job/post.d/',
2025-06-23 06:54:12,969 avocado.test INFO |  'plugins.jobscripts.pre': '/etc/avocado/scripts/job/pre.d/',
2025-06-23 06:54:12,970 avocado.test INFO |  'plugins.jobscripts.warn_non_existing_dir': False,
2025-06-23 06:54:12,970 avocado.test INFO |  'plugins.jobscripts.warn_non_zero_status': True,
2025-06-23 06:54:12,970 avocado.test INFO |  'plugins.ordered_list': False,
2025-06-23 06:54:12,970 avocado.test INFO |  'plugins.resolver.order': [],
2025-06-23 06:54:12,970 avocado.test INFO |  'plugins.result.order': [],
2025-06-23 06:54:12,970 avocado.test INFO |  'plugins.result_events.order': [],
2025-06-23 06:54:12,970 avocado.test INFO |  'plugins.runnable.runner.order': [],
2025-06-23 06:54:12,971 avocado.test INFO |  'plugins.runner.order': [],
2025-06-23 06:54:12,971 avocado.test INFO |  'plugins.skip_broken_plugin_notification': [],
2025-06-23 06:54:12,971 avocado.test INFO |  'plugins.spawner.order': [],
2025-06-23 06:54:12,971 avocado.test INFO |  'plugins.varianter.order': [],
2025-06-23 06:54:12,971 avocado.test INFO |  'resolver.references': ['./pcache.py'],
2025-06-23 06:54:12,971 avocado.test INFO |  'run.dict_variants': [],
2025-06-23 06:54:12,971 avocado.test INFO |  'run.dict_variants.variant_id_keys': [],
2025-06-23 06:54:12,972 avocado.test INFO |  'run.dry_run.enabled': False,
2025-06-23 06:54:12,972 avocado.test INFO |  'run.dry_run.no_cleanup': False,
2025-06-23 06:54:12,972 avocado.test INFO |  'run.execution_order': 'variants-per-test',
2025-06-23 06:54:12,972 avocado.test INFO |  'run.failfast': False,
2025-06-23 06:54:12,972 avocado.test INFO |  'run.ignore_missing_references': False,
2025-06-23 06:54:12,972 avocado.test INFO |  'run.job_category': None,
2025-06-23 06:54:12,972 avocado.test INFO |  'run.journal.enabled': False,
2025-06-23 06:54:12,972 avocado.test INFO |  'run.keep_tmp': False,
2025-06-23 06:54:12,973 avocado.test INFO |  'run.loaders': ['file', '@DEFAULT'],
2025-06-23 06:54:12,973 avocado.test INFO |  'run.log_test_data_directories': False,
2025-06-23 06:54:12,973 avocado.test INFO |  'run.results.archive': False,
2025-06-23 06:54:12,973 avocado.test INFO |  'run.results_dir': None,
2025-06-23 06:54:12,973 avocado.test INFO |  'run.test_parameters': [],
2025-06-23 06:54:12,973 avocado.test INFO |  'run.test_runner': 'nrunner',
2025-06-23 06:54:12,973 avocado.test INFO |  'run.unique_job_id': None,
2025-06-23 06:54:12,974 avocado.test INFO |  'run.wrapper.wrappers': [],
2025-06-23 06:54:12,974 avocado.test INFO |  'runner.exectest.exitcodes.skip': [],
2025-06-23 06:54:12,974 avocado.test INFO |  'runner.identifier_format': '{uri}',
2025-06-23 06:54:12,974 avocado.test INFO |  'runner.output.color': 'auto',
2025-06-23 06:54:12,974 avocado.test INFO |  'runner.output.colored': True,
2025-06-23 06:54:12,974 avocado.test INFO |  'runner.output.utf8': True,
2025-06-23 06:54:12,974 avocado.test INFO |  'runner.timeout.after_interrupted': 60,
2025-06-23 06:54:12,974 avocado.test INFO |  'runner.timeout.process_alive': 60,
2025-06-23 06:54:12,975 avocado.test INFO |  'runner.timeout.process_died': 10,
2025-06-23 06:54:12,975 avocado.test INFO |  'simpletests.status.failure_fields': ['status', 'stdout', 'stderr'],
2025-06-23 06:54:12,975 avocado.test INFO |  'simpletests.status.skip_location': 'all',
2025-06-23 06:54:12,975 avocado.test INFO |  'simpletests.status.skip_regex': '^SKIP$',
2025-06-23 06:54:12,975 avocado.test INFO |  'simpletests.status.warn_location': 'all',
2025-06-23 06:54:12,975 avocado.test INFO |  'simpletests.status.warn_regex': '^WARN$',
2025-06-23 06:54:12,975 avocado.test INFO |  'spawner.podman.avocado_spawner_egg': None,
2025-06-23 06:54:12,976 avocado.test INFO |  'spawner.podman.bin': '/usr/bin/podman',
2025-06-23 06:54:12,976 avocado.test INFO |  'spawner.podman.image': 'Ubuntu:24',
2025-06-23 06:54:12,976 avocado.test INFO |  'subcommand': 'run',
2025-06-23 06:54:12,976 avocado.test INFO |  'sysinfo.collect.commands_timeout': -1,
2025-06-23 06:54:12,976 avocado.test INFO |  'sysinfo.collect.enabled': True,
2025-06-23 06:54:12,976 avocado.test INFO |  'sysinfo.collect.installed_packages': False,
2025-06-23 06:54:12,976 avocado.test INFO |  'sysinfo.collect.locale': 'C',
2025-06-23 06:54:12,977 avocado.test INFO |  'sysinfo.collect.optimize': False,
2025-06-23 06:54:12,977 avocado.test INFO |  'sysinfo.collect.per_test': False,
2025-06-23 06:54:12,977 avocado.test INFO |  'sysinfo.collect.profiler': False,
2025-06-23 06:54:12,977 avocado.test INFO |  'sysinfo.collect.sysinfodir': None,
2025-06-23 06:54:12,977 avocado.test INFO |  'sysinfo.collectibles.commands': '/usr/local/lib/python3.10/dist-packages/avocado/etc/avocado/sysinfo/commands',
2025-06-23 06:54:12,977 avocado.test INFO |  'sysinfo.collectibles.fail_commands': '/usr/local/lib/python3.10/dist-packages/avocado/etc/avocado/sysinfo/fail_commands',
2025-06-23 06:54:12,977 avocado.test INFO |  'sysinfo.collectibles.fail_files': '/usr/local/lib/python3.10/dist-packages/avocado/etc/avocado/sysinfo/fail_files',
2025-06-23 06:54:12,977 avocado.test INFO |  'sysinfo.collectibles.files': '/usr/local/lib/python3.10/dist-packages/avocado/etc/avocado/sysinfo/files',
2025-06-23 06:54:12,978 avocado.test INFO |  'sysinfo.collectibles.profilers': '/usr/local/lib/python3.10/dist-packages/avocado/etc/avocado/sysinfo/profilers',
2025-06-23 06:54:12,978 avocado.test INFO |  'task.timeout.running': None,
2025-06-23 06:54:12,978 avocado.test INFO |  'variants.contents': False,
2025-06-23 06:54:12,978 avocado.test INFO |  'variants.debug': False,
2025-06-23 06:54:12,978 avocado.test INFO |  'variants.inherit': False,
2025-06-23 06:54:12,978 avocado.test INFO |  'variants.json_variants_dump': None,
2025-06-23 06:54:12,978 avocado.test INFO |  'variants.summary': 0,
2025-06-23 06:54:12,979 avocado.test INFO |  'variants.tree': False,
2025-06-23 06:54:12,979 avocado.test INFO |  'variants.variants': 1,
2025-06-23 06:54:12,979 avocado.test INFO |  'vmimage.get.arch': None,
2025-06-23 06:54:12,979 avocado.test INFO |  'vmimage.get.distro': None,
2025-06-23 06:54:12,979 avocado.test INFO |  'vmimage.get.version': None,
2025-06-23 06:54:12,979 avocado.test INFO |  'yaml_to_mux.files': ['./pcache.py.data/pcache.yaml'],
2025-06-23 06:54:12,979 avocado.test INFO |  'yaml_to_mux.filter_only': [],
2025-06-23 06:54:12,980 avocado.test INFO |  'yaml_to_mux.filter_out': [],
2025-06-23 06:54:12,980 avocado.test INFO |  'yaml_to_mux.inject': [],
2025-06-23 06:54:12,980 avocado.test INFO |  'yaml_to_mux.parameter_paths': ['/run/*']}
2025-06-23 06:54:12,980 avocado.test INFO | 
2025-06-23 06:54:12,980 avocado.test INFO | Avocado Data Directories:
2025-06-23 06:54:12,980 avocado.test INFO | 
2025-06-23 06:54:12,980 avocado.test INFO | base     /root/avocado
2025-06-23 06:54:12,985 avocado.test INFO | tests    /root/avocado/tests
2025-06-23 06:54:12,985 avocado.test INFO | data     /root/avocado/data
2025-06-23 06:54:12,986 avocado.test INFO | logs     /root/avocado/job-results/job-2025-06-23T06.54-d919d33
2025-06-23 06:54:12,986 avocado.test INFO | 
2025-06-23 06:54:13,010 avocado.test INFO | Multiplex tree representation:
2025-06-23 06:54:13,010 avocado.test INFO |  \-- run
2025-06-23 06:54:13,011 avocado.test INFO |       |-- gc
2025-06-23 06:54:13,011 avocado.test INFO |       |    #== gc0
2025-06-23 06:54:13,011 avocado.test INFO |       |    #== gc80
2025-06-23 06:54:13,011 avocado.test INFO |       |-- crc
2025-06-23 06:54:13,011 avocado.test INFO |       |    #== enable
2025-06-23 06:54:13,011 avocado.test INFO |       |    #== disable
2025-06-23 06:54:13,011 avocado.test INFO |       \-- test_script
2025-06-23 06:54:13,011 avocado.test INFO |            #== default
2025-06-23 06:54:13,012 avocado.test INFO |            #== xfstests
2025-06-23 06:54:13,012 avocado.test INFO |            #== misc
2025-06-23 06:54:13,012 avocado.test INFO | 
2025-06-23 06:54:13,012 avocado.test INFO | Multiplex variants (12):
2025-06-23 06:54:13,012 avocado.test INFO | Variant run-crc-enable-gc-gc0-test_script-default-99a6:    /run/gc/gc0, /run/crc/enable, /run/test_script/default
2025-06-23 06:54:13,012 avocado.test INFO | Variant run-crc-enable-gc-gc0-test_script-xfstests-ded7:    /run/gc/gc0, /run/crc/enable, /run/test_script/xfstests
2025-06-23 06:54:13,012 avocado.test INFO | Variant run-crc-enable-gc-gc0-test_script-misc-a369:    /run/gc/gc0, /run/crc/enable, /run/test_script/misc
2025-06-23 06:54:13,012 avocado.test INFO | Variant run-crc-disable-gc-gc0-test_script-default-d7c7:    /run/gc/gc0, /run/crc/disable, /run/test_script/default
2025-06-23 06:54:13,012 avocado.test INFO | Variant run-crc-disable-gc-gc0-test_script-xfstests-c5a3:    /run/gc/gc0, /run/crc/disable, /run/test_script/xfstests
2025-06-23 06:54:13,013 avocado.test INFO | Variant run-crc-disable-gc-gc0-test_script-misc-0556:    /run/gc/gc0, /run/crc/disable, /run/test_script/misc
2025-06-23 06:54:13,013 avocado.test INFO | Variant run-crc-enable-gc-gc80-test_script-default-9aab:    /run/gc/gc80, /run/crc/enable, /run/test_script/default
2025-06-23 06:54:13,013 avocado.test INFO | Variant run-crc-enable-gc-gc80-test_script-xfstests-6df3:    /run/gc/gc80, /run/crc/enable, /run/test_script/xfstests
2025-06-23 06:54:13,013 avocado.test INFO | Variant run-crc-enable-gc-gc80-test_script-misc-1106:    /run/gc/gc80, /run/crc/enable, /run/test_script/misc
2025-06-23 06:54:13,013 avocado.test INFO | Variant run-crc-disable-gc-gc80-test_script-default-fca0:    /run/gc/gc80, /run/crc/disable, /run/test_script/default
2025-06-23 06:54:13,013 avocado.test INFO | Variant run-crc-disable-gc-gc80-test_script-xfstests-2703:    /run/gc/gc80, /run/crc/disable, /run/test_script/xfstests
2025-06-23 06:54:13,013 avocado.test INFO | Variant run-crc-disable-gc-gc80-test_script-misc-c958:    /run/gc/gc80, /run/crc/disable, /run/test_script/misc
2025-06-23 06:54:13,013 avocado.test INFO | Temporary dir: /var/tmp/avocado_tmp_5zid6wx9/avocado_job_u9h93kuh
2025-06-23 06:54:13,014 avocado.test INFO | 
2025-06-23 06:54:13,014 avocado.test INFO | Job ID: d919d3381541054b0ba66a5194aca02a896b9762
2025-06-23 06:54:13,014 avocado.test INFO | 
2025-06-23 06:54:13,516 avocado.core.task.statemachine DEBUG| <Worker spawner="<avocado.plugins.spawners.process.ProcessSpawner object at 0x7ffb17e03b50>" max_triaging=32 max_running=1 task_timeout=None> has been initialized
2025-06-23 06:54:13,518 avocado.core.task.statemachine DEBUG| Task "01-./pcache.py:PcacheTest.test;run-crc-enable-gc-gc0-test_script-default-99a6": requested -> triaging
2025-06-23 06:54:13,519 avocado.core.task.statemachine DEBUG| Task "01-./pcache.py:PcacheTest.test;run-crc-enable-gc-gc0-test_script-default-99a6": requirements OK (will proceed to check dependencies)
2025-06-23 06:54:13,519 avocado.core.task.statemachine DEBUG| Task "01-./pcache.py:PcacheTest.test;run-crc-enable-gc-gc0-test_script-default-99a6": about to be spawned with "<avocado.plugins.spawners.process.ProcessSpawner object at 0x7ffb17e03b50>"
2025-06-23 06:54:13,523 avocado.core.task.statemachine DEBUG| Task "01-./pcache.py:PcacheTest.test;run-crc-enable-gc-gc0-test_script-default-99a6": spawned successfully
2025-06-23 06:54:13,861 avocado.core.status.repo DEBUG| Task "01-./pcache.py:PcacheTest.test;run-crc-enable-gc-gc0-test_script-default-99a6" started message: "{'status': 'started', 'time': 256240.697896252, 'output_dir': '/root/avocado/job-results/job-2025-06-23T06.54-d919d33/test-results/01-._pcache.py_PcacheTest.test_run-crc-enable-gc-gc0-test_script-default-99a6', 'id': '01-./pcache.py:PcacheTest.test;run-crc-enable-gc-gc0-test_script-default-99a6'}"
2025-06-23 06:54:13,872 avocado.test INFO | ./pcache.py:PcacheTest.test;run-crc-enable-gc-gc0-test_script-default-99a6: STARTED
2025-06-23 06:54:14,746 avocado.core.status.repo DEBUG| Task "01-./pcache.py:PcacheTest.test;run-crc-enable-gc-gc0-test_script-default-99a6" finished message: "{'result': 'pass', 'status': 'finished', 'time': 256241.508789823}"
2025-06-23 06:54:14,796 avocado.test INFO | ./pcache.py:PcacheTest.test;run-crc-enable-gc-gc0-test_script-default-99a6: PASS
2025-06-23 06:54:14,796 avocado.test INFO | More information in /root/avocado/job-results/job-2025-06-23T06.54-d919d33/test-results/01-._pcache.py_PcacheTest.test_run-crc-enable-gc-gc0-test_script-default-99a6
2025-06-23 06:54:14,830 avocado.core.task.statemachine DEBUG| Task "01-./pcache.py:PcacheTest.test;run-crc-enable-gc-gc0-test_script-default-99a6" finished
2025-06-23 06:54:14,830 avocado.core.task.statemachine DEBUG| Task "02-./pcache.py:PcacheTest.test;run-crc-enable-gc-gc0-test_script-xfstests-ded7": requested -> triaging
2025-06-23 06:54:14,831 avocado.core.task.statemachine DEBUG| Task "02-./pcache.py:PcacheTest.test;run-crc-enable-gc-gc0-test_script-xfstests-ded7": requirements OK (will proceed to check dependencies)
2025-06-23 06:54:14,831 avocado.core.task.statemachine DEBUG| Task "02-./pcache.py:PcacheTest.test;run-crc-enable-gc-gc0-test_script-xfstests-ded7": about to be spawned with "<avocado.plugins.spawners.process.ProcessSpawner object at 0x7ffb17e03b50>"
2025-06-23 06:54:14,836 avocado.core.task.statemachine DEBUG| Task "02-./pcache.py:PcacheTest.test;run-crc-enable-gc-gc0-test_script-xfstests-ded7": spawned successfully
2025-06-23 06:54:15,423 avocado.core.status.repo DEBUG| Task "02-./pcache.py:PcacheTest.test;run-crc-enable-gc-gc0-test_script-xfstests-ded7" started message: "{'status': 'started', 'time': 256242.258884647, 'output_dir': '/root/avocado/job-results/job-2025-06-23T06.54-d919d33/test-results/02-._pcache.py_PcacheTest.test_run-crc-enable-gc-gc0-test_script-xfstests-ded7', 'id': '02-./pcache.py:PcacheTest.test;run-crc-enable-gc-gc0-test_script-xfstests-ded7'}"
2025-06-23 06:54:15,453 avocado.test INFO | ./pcache.py:PcacheTest.test;run-crc-enable-gc-gc0-test_script-xfstests-ded7: STARTED
2025-06-23 08:06:01,767 avocado.core.status.repo DEBUG| Task "02-./pcache.py:PcacheTest.test;run-crc-enable-gc-gc0-test_script-xfstests-ded7" finished message: "{'result': 'pass', 'status': 'finished', 'time': 260548.533175246}"
2025-06-23 08:06:01,779 avocado.test INFO | ./pcache.py:PcacheTest.test;run-crc-enable-gc-gc0-test_script-xfstests-ded7: PASS
2025-06-23 08:06:01,779 avocado.test INFO | More information in /root/avocado/job-results/job-2025-06-23T06.54-d919d33/test-results/02-._pcache.py_PcacheTest.test_run-crc-enable-gc-gc0-test_script-xfstests-ded7
2025-06-23 08:06:01,915 avocado.core.task.statemachine DEBUG| Task "02-./pcache.py:PcacheTest.test;run-crc-enable-gc-gc0-test_script-xfstests-ded7" finished
2025-06-23 08:06:01,916 avocado.core.task.statemachine DEBUG| Task "03-./pcache.py:PcacheTest.test;run-crc-enable-gc-gc0-test_script-misc-a369": requested -> triaging
2025-06-23 08:06:01,916 avocado.core.task.statemachine DEBUG| Task "03-./pcache.py:PcacheTest.test;run-crc-enable-gc-gc0-test_script-misc-a369": requirements OK (will proceed to check dependencies)
2025-06-23 08:06:01,916 avocado.core.task.statemachine DEBUG| Task "03-./pcache.py:PcacheTest.test;run-crc-enable-gc-gc0-test_script-misc-a369": about to be spawned with "<avocado.plugins.spawners.process.ProcessSpawner object at 0x7ffb17e03b50>"
2025-06-23 08:06:01,925 avocado.core.task.statemachine DEBUG| Task "03-./pcache.py:PcacheTest.test;run-crc-enable-gc-gc0-test_script-misc-a369": spawned successfully
2025-06-23 08:06:02,986 avocado.core.status.repo DEBUG| Task "03-./pcache.py:PcacheTest.test;run-crc-enable-gc-gc0-test_script-misc-a369" started message: "{'status': 'started', 'time': 260549.821979058, 'output_dir': '/root/avocado/job-results/job-2025-06-23T06.54-d919d33/test-results/03-._pcache.py_PcacheTest.test_run-crc-enable-gc-gc0-test_script-misc-a369', 'id': '03-./pcache.py:PcacheTest.test;run-crc-enable-gc-gc0-test_script-misc-a369'}"
2025-06-23 08:06:02,990 avocado.test INFO | ./pcache.py:PcacheTest.test;run-crc-enable-gc-gc0-test_script-misc-a369: STARTED
2025-06-23 08:06:48,928 avocado.core.status.repo DEBUG| Task "03-./pcache.py:PcacheTest.test;run-crc-enable-gc-gc0-test_script-misc-a369" finished message: "{'result': 'pass', 'status': 'finished', 'time': 260595.687940099}"
2025-06-23 08:06:48,961 avocado.test INFO | ./pcache.py:PcacheTest.test;run-crc-enable-gc-gc0-test_script-misc-a369: PASS
2025-06-23 08:06:48,961 avocado.test INFO | More information in /root/avocado/job-results/job-2025-06-23T06.54-d919d33/test-results/03-._pcache.py_PcacheTest.test_run-crc-enable-gc-gc0-test_script-misc-a369
2025-06-23 08:06:49,026 avocado.core.task.statemachine DEBUG| Task "03-./pcache.py:PcacheTest.test;run-crc-enable-gc-gc0-test_script-misc-a369" finished
2025-06-23 08:06:49,026 avocado.core.task.statemachine DEBUG| Task "04-./pcache.py:PcacheTest.test;run-crc-disable-gc-gc0-test_script-default-d7c7": requested -> triaging
2025-06-23 08:06:49,027 avocado.core.task.statemachine DEBUG| Task "04-./pcache.py:PcacheTest.test;run-crc-disable-gc-gc0-test_script-default-d7c7": requirements OK (will proceed to check dependencies)
2025-06-23 08:06:49,027 avocado.core.task.statemachine DEBUG| Task "04-./pcache.py:PcacheTest.test;run-crc-disable-gc-gc0-test_script-default-d7c7": about to be spawned with "<avocado.plugins.spawners.process.ProcessSpawner object at 0x7ffb17e03b50>"
2025-06-23 08:06:49,033 avocado.core.task.statemachine DEBUG| Task "04-./pcache.py:PcacheTest.test;run-crc-disable-gc-gc0-test_script-default-d7c7": spawned successfully
2025-06-23 08:06:49,436 avocado.core.status.repo DEBUG| Task "04-./pcache.py:PcacheTest.test;run-crc-disable-gc-gc0-test_script-default-d7c7" started message: "{'status': 'started', 'time': 260596.271591262, 'output_dir': '/root/avocado/job-results/job-2025-06-23T06.54-d919d33/test-results/04-._pcache.py_PcacheTest.test_run-crc-disable-gc-gc0-test_script-default-d7c7', 'id': '04-./pcache.py:PcacheTest.test;run-crc-disable-gc-gc0-test_script-default-d7c7'}"
2025-06-23 08:06:49,468 avocado.test INFO | ./pcache.py:PcacheTest.test;run-crc-disable-gc-gc0-test_script-default-d7c7: STARTED
2025-06-23 08:06:50,364 avocado.core.status.repo DEBUG| Task "04-./pcache.py:PcacheTest.test;run-crc-disable-gc-gc0-test_script-default-d7c7" finished message: "{'result': 'pass', 'status': 'finished', 'time': 260597.121718715}"
2025-06-23 08:06:50,391 avocado.test INFO | ./pcache.py:PcacheTest.test;run-crc-disable-gc-gc0-test_script-default-d7c7: PASS
2025-06-23 08:06:50,391 avocado.test INFO | More information in /root/avocado/job-results/job-2025-06-23T06.54-d919d33/test-results/04-._pcache.py_PcacheTest.test_run-crc-disable-gc-gc0-test_script-default-d7c7
2025-06-23 08:06:50,452 avocado.core.task.statemachine DEBUG| Task "04-./pcache.py:PcacheTest.test;run-crc-disable-gc-gc0-test_script-default-d7c7" finished
2025-06-23 08:06:50,452 avocado.core.task.statemachine DEBUG| Task "05-./pcache.py:PcacheTest.test;run-crc-disable-gc-gc0-test_script-xfstests-c5a3": requested -> triaging
2025-06-23 08:06:50,453 avocado.core.task.statemachine DEBUG| Task "05-./pcache.py:PcacheTest.test;run-crc-disable-gc-gc0-test_script-xfstests-c5a3": requirements OK (will proceed to check dependencies)
2025-06-23 08:06:50,453 avocado.core.task.statemachine DEBUG| Task "05-./pcache.py:PcacheTest.test;run-crc-disable-gc-gc0-test_script-xfstests-c5a3": about to be spawned with "<avocado.plugins.spawners.process.ProcessSpawner object at 0x7ffb17e03b50>"
2025-06-23 08:06:50,457 avocado.core.task.statemachine DEBUG| Task "05-./pcache.py:PcacheTest.test;run-crc-disable-gc-gc0-test_script-xfstests-c5a3": spawned successfully
2025-06-23 08:06:51,182 avocado.core.status.repo DEBUG| Task "05-./pcache.py:PcacheTest.test;run-crc-disable-gc-gc0-test_script-xfstests-c5a3" started message: "{'status': 'started', 'time': 260598.01863103, 'output_dir': '/root/avocado/job-results/job-2025-06-23T06.54-d919d33/test-results/05-._pcache.py_PcacheTest.test_run-crc-disable-gc-gc0-test_script-xfstests-c5a3', 'id': '05-./pcache.py:PcacheTest.test;run-crc-disable-gc-gc0-test_script-xfstests-c5a3'}"
2025-06-23 08:06:51,198 avocado.test INFO | ./pcache.py:PcacheTest.test;run-crc-disable-gc-gc0-test_script-xfstests-c5a3: STARTED
2025-06-23 09:16:49,305 avocado.core.status.repo DEBUG| Task "05-./pcache.py:PcacheTest.test;run-crc-disable-gc-gc0-test_script-xfstests-c5a3" finished message: "{'result': 'pass', 'status': 'finished', 'time': 264796.125785544}"
2025-06-23 09:16:49,343 avocado.test INFO | ./pcache.py:PcacheTest.test;run-crc-disable-gc-gc0-test_script-xfstests-c5a3: PASS
2025-06-23 09:16:49,344 avocado.test INFO | More information in /root/avocado/job-results/job-2025-06-23T06.54-d919d33/test-results/05-._pcache.py_PcacheTest.test_run-crc-disable-gc-gc0-test_script-xfstests-c5a3
2025-06-23 09:16:51,516 avocado.core.task.statemachine DEBUG| Task "05-./pcache.py:PcacheTest.test;run-crc-disable-gc-gc0-test_script-xfstests-c5a3" finished
2025-06-23 09:16:51,521 avocado.core.task.statemachine DEBUG| Task "06-./pcache.py:PcacheTest.test;run-crc-disable-gc-gc0-test_script-misc-0556": requested -> triaging
2025-06-23 09:16:51,522 avocado.core.task.statemachine DEBUG| Task "06-./pcache.py:PcacheTest.test;run-crc-disable-gc-gc0-test_script-misc-0556": requirements OK (will proceed to check dependencies)
2025-06-23 09:16:51,522 avocado.core.task.statemachine DEBUG| Task "06-./pcache.py:PcacheTest.test;run-crc-disable-gc-gc0-test_script-misc-0556": about to be spawned with "<avocado.plugins.spawners.process.ProcessSpawner object at 0x7ffb17e03b50>"
2025-06-23 09:16:51,540 avocado.core.task.statemachine DEBUG| Task "06-./pcache.py:PcacheTest.test;run-crc-disable-gc-gc0-test_script-misc-0556": spawned successfully
2025-06-23 09:16:52,904 avocado.core.status.repo DEBUG| Task "06-./pcache.py:PcacheTest.test;run-crc-disable-gc-gc0-test_script-misc-0556" started message: "{'status': 'started', 'time': 264799.740197948, 'output_dir': '/root/avocado/job-results/job-2025-06-23T06.54-d919d33/test-results/06-._pcache.py_PcacheTest.test_run-crc-disable-gc-gc0-test_script-misc-0556', 'id': '06-./pcache.py:PcacheTest.test;run-crc-disable-gc-gc0-test_script-misc-0556'}"
2025-06-23 09:16:52,925 avocado.test INFO | ./pcache.py:PcacheTest.test;run-crc-disable-gc-gc0-test_script-misc-0556: STARTED
2025-06-23 09:17:40,263 avocado.core.status.repo DEBUG| Task "06-./pcache.py:PcacheTest.test;run-crc-disable-gc-gc0-test_script-misc-0556" finished message: "{'result': 'pass', 'status': 'finished', 'time': 264847.020795238}"
2025-06-23 09:17:40,317 avocado.test INFO | ./pcache.py:PcacheTest.test;run-crc-disable-gc-gc0-test_script-misc-0556: PASS
2025-06-23 09:17:40,317 avocado.test INFO | More information in /root/avocado/job-results/job-2025-06-23T06.54-d919d33/test-results/06-._pcache.py_PcacheTest.test_run-crc-disable-gc-gc0-test_script-misc-0556
2025-06-23 09:17:40,351 avocado.core.task.statemachine DEBUG| Task "06-./pcache.py:PcacheTest.test;run-crc-disable-gc-gc0-test_script-misc-0556" finished
2025-06-23 09:17:40,352 avocado.core.task.statemachine DEBUG| Task "07-./pcache.py:PcacheTest.test;run-crc-enable-gc-gc80-test_script-default-9aab": requested -> triaging
2025-06-23 09:17:40,352 avocado.core.task.statemachine DEBUG| Task "07-./pcache.py:PcacheTest.test;run-crc-enable-gc-gc80-test_script-default-9aab": requirements OK (will proceed to check dependencies)
2025-06-23 09:17:40,352 avocado.core.task.statemachine DEBUG| Task "07-./pcache.py:PcacheTest.test;run-crc-enable-gc-gc80-test_script-default-9aab": about to be spawned with "<avocado.plugins.spawners.process.ProcessSpawner object at 0x7ffb17e03b50>"
2025-06-23 09:17:40,356 avocado.core.task.statemachine DEBUG| Task "07-./pcache.py:PcacheTest.test;run-crc-enable-gc-gc80-test_script-default-9aab": spawned successfully
2025-06-23 09:17:40,959 avocado.core.status.repo DEBUG| Task "07-./pcache.py:PcacheTest.test;run-crc-enable-gc-gc80-test_script-default-9aab" started message: "{'status': 'started', 'time': 264847.794638758, 'output_dir': '/root/avocado/job-results/job-2025-06-23T06.54-d919d33/test-results/07-._pcache.py_PcacheTest.test_run-crc-enable-gc-gc80-test_script-default-9aab', 'id': '07-./pcache.py:PcacheTest.test;run-crc-enable-gc-gc80-test_script-default-9aab'}"
2025-06-23 09:17:40,973 avocado.test INFO | ./pcache.py:PcacheTest.test;run-crc-enable-gc-gc80-test_script-default-9aab: STARTED
2025-06-23 09:17:41,812 avocado.core.status.repo DEBUG| Task "07-./pcache.py:PcacheTest.test;run-crc-enable-gc-gc80-test_script-default-9aab" finished message: "{'result': 'pass', 'status': 'finished', 'time': 264848.575579529}"
2025-06-23 09:17:41,843 avocado.test INFO | ./pcache.py:PcacheTest.test;run-crc-enable-gc-gc80-test_script-default-9aab: PASS
2025-06-23 09:17:41,843 avocado.test INFO | More information in /root/avocado/job-results/job-2025-06-23T06.54-d919d33/test-results/07-._pcache.py_PcacheTest.test_run-crc-enable-gc-gc80-test_script-default-9aab
2025-06-23 09:17:41,900 avocado.core.task.statemachine DEBUG| Task "07-./pcache.py:PcacheTest.test;run-crc-enable-gc-gc80-test_script-default-9aab" finished
2025-06-23 09:17:41,900 avocado.core.task.statemachine DEBUG| Task "08-./pcache.py:PcacheTest.test;run-crc-enable-gc-gc80-test_script-xfstests-6df3": requested -> triaging
2025-06-23 09:17:41,900 avocado.core.task.statemachine DEBUG| Task "08-./pcache.py:PcacheTest.test;run-crc-enable-gc-gc80-test_script-xfstests-6df3": requirements OK (will proceed to check dependencies)
2025-06-23 09:17:41,901 avocado.core.task.statemachine DEBUG| Task "08-./pcache.py:PcacheTest.test;run-crc-enable-gc-gc80-test_script-xfstests-6df3": about to be spawned with "<avocado.plugins.spawners.process.ProcessSpawner object at 0x7ffb17e03b50>"
2025-06-23 09:17:41,905 avocado.core.task.statemachine DEBUG| Task "08-./pcache.py:PcacheTest.test;run-crc-enable-gc-gc80-test_script-xfstests-6df3": spawned successfully
2025-06-23 09:17:42,602 avocado.core.status.repo DEBUG| Task "08-./pcache.py:PcacheTest.test;run-crc-enable-gc-gc80-test_script-xfstests-6df3" started message: "{'status': 'started', 'time': 264849.437702959, 'output_dir': '/root/avocado/job-results/job-2025-06-23T06.54-d919d33/test-results/08-._pcache.py_PcacheTest.test_run-crc-enable-gc-gc80-test_script-xfstests-6df3', 'id': '08-./pcache.py:PcacheTest.test;run-crc-enable-gc-gc80-test_script-xfstests-6df3'}"
2025-06-23 09:17:42,651 avocado.test INFO | ./pcache.py:PcacheTest.test;run-crc-enable-gc-gc80-test_script-xfstests-6df3: STARTED
2025-06-23 10:30:12,701 avocado.core.status.repo DEBUG| Task "08-./pcache.py:PcacheTest.test;run-crc-enable-gc-gc80-test_script-xfstests-6df3" finished message: "{'result': 'pass', 'status': 'finished', 'time': 269199.475996953}"
2025-06-23 10:30:13,017 avocado.test INFO | ./pcache.py:PcacheTest.test;run-crc-enable-gc-gc80-test_script-xfstests-6df3: PASS
2025-06-23 10:30:13,020 avocado.test INFO | More information in /root/avocado/job-results/job-2025-06-23T06.54-d919d33/test-results/08-._pcache.py_PcacheTest.test_run-crc-enable-gc-gc80-test_script-xfstests-6df3
2025-06-23 10:30:15,818 avocado.core.task.statemachine DEBUG| Task "08-./pcache.py:PcacheTest.test;run-crc-enable-gc-gc80-test_script-xfstests-6df3" finished
2025-06-23 10:30:15,819 avocado.core.task.statemachine DEBUG| Task "09-./pcache.py:PcacheTest.test;run-crc-enable-gc-gc80-test_script-misc-1106": requested -> triaging
2025-06-23 10:30:15,820 avocado.core.task.statemachine DEBUG| Task "09-./pcache.py:PcacheTest.test;run-crc-enable-gc-gc80-test_script-misc-1106": requirements OK (will proceed to check dependencies)
2025-06-23 10:30:15,820 avocado.core.task.statemachine DEBUG| Task "09-./pcache.py:PcacheTest.test;run-crc-enable-gc-gc80-test_script-misc-1106": about to be spawned with "<avocado.plugins.spawners.process.ProcessSpawner object at 0x7ffb17e03b50>"
2025-06-23 10:30:15,995 avocado.core.task.statemachine DEBUG| Task "09-./pcache.py:PcacheTest.test;run-crc-enable-gc-gc80-test_script-misc-1106": spawned successfully
2025-06-23 10:30:17,733 avocado.core.status.repo DEBUG| Task "09-./pcache.py:PcacheTest.test;run-crc-enable-gc-gc80-test_script-misc-1106" started message: "{'status': 'started', 'time': 269204.523372668, 'output_dir': '/root/avocado/job-results/job-2025-06-23T06.54-d919d33/test-results/09-._pcache.py_PcacheTest.test_run-crc-enable-gc-gc80-test_script-misc-1106', 'id': '09-./pcache.py:PcacheTest.test;run-crc-enable-gc-gc80-test_script-misc-1106'}"
2025-06-23 10:30:17,796 avocado.test INFO | ./pcache.py:PcacheTest.test;run-crc-enable-gc-gc80-test_script-misc-1106: STARTED
2025-06-23 10:31:03,956 avocado.core.status.repo DEBUG| Task "09-./pcache.py:PcacheTest.test;run-crc-enable-gc-gc80-test_script-misc-1106" finished message: "{'result': 'pass', 'status': 'finished', 'time': 269250.717176324}"
2025-06-23 10:31:03,997 avocado.test INFO | ./pcache.py:PcacheTest.test;run-crc-enable-gc-gc80-test_script-misc-1106: PASS
2025-06-23 10:31:03,997 avocado.test INFO | More information in /root/avocado/job-results/job-2025-06-23T06.54-d919d33/test-results/09-._pcache.py_PcacheTest.test_run-crc-enable-gc-gc80-test_script-misc-1106
2025-06-23 10:31:04,039 avocado.core.task.statemachine DEBUG| Task "09-./pcache.py:PcacheTest.test;run-crc-enable-gc-gc80-test_script-misc-1106" finished
2025-06-23 10:31:04,040 avocado.core.task.statemachine DEBUG| Task "10-./pcache.py:PcacheTest.test;run-crc-disable-gc-gc80-test_script-default-fca0": requested -> triaging
2025-06-23 10:31:04,040 avocado.core.task.statemachine DEBUG| Task "10-./pcache.py:PcacheTest.test;run-crc-disable-gc-gc80-test_script-default-fca0": requirements OK (will proceed to check dependencies)
2025-06-23 10:31:04,040 avocado.core.task.statemachine DEBUG| Task "10-./pcache.py:PcacheTest.test;run-crc-disable-gc-gc80-test_script-default-fca0": about to be spawned with "<avocado.plugins.spawners.process.ProcessSpawner object at 0x7ffb17e03b50>"
2025-06-23 10:31:04,045 avocado.core.task.statemachine DEBUG| Task "10-./pcache.py:PcacheTest.test;run-crc-disable-gc-gc80-test_script-default-fca0": spawned successfully
2025-06-23 10:31:04,436 avocado.core.status.repo DEBUG| Task "10-./pcache.py:PcacheTest.test;run-crc-disable-gc-gc80-test_script-default-fca0" started message: "{'status': 'started', 'time': 269251.271725448, 'output_dir': '/root/avocado/job-results/job-2025-06-23T06.54-d919d33/test-results/10-._pcache.py_PcacheTest.test_run-crc-disable-gc-gc80-test_script-default-fca0', 'id': '10-./pcache.py:PcacheTest.test;run-crc-disable-gc-gc80-test_script-default-fca0'}"
2025-06-23 10:31:04,453 avocado.test INFO | ./pcache.py:PcacheTest.test;run-crc-disable-gc-gc80-test_script-default-fca0: STARTED
2025-06-23 10:31:05,299 avocado.core.status.repo DEBUG| Task "10-./pcache.py:PcacheTest.test;run-crc-disable-gc-gc80-test_script-default-fca0" finished message: "{'result': 'pass', 'status': 'finished', 'time': 269252.059702957}"
2025-06-23 10:31:05,323 avocado.test INFO | ./pcache.py:PcacheTest.test;run-crc-disable-gc-gc80-test_script-default-fca0: PASS
2025-06-23 10:31:05,323 avocado.test INFO | More information in /root/avocado/job-results/job-2025-06-23T06.54-d919d33/test-results/10-._pcache.py_PcacheTest.test_run-crc-disable-gc-gc80-test_script-default-fca0
2025-06-23 10:31:05,387 avocado.core.task.statemachine DEBUG| Task "10-./pcache.py:PcacheTest.test;run-crc-disable-gc-gc80-test_script-default-fca0" finished
2025-06-23 10:31:05,387 avocado.core.task.statemachine DEBUG| Task "11-./pcache.py:PcacheTest.test;run-crc-disable-gc-gc80-test_script-xfstests-2703": requested -> triaging
2025-06-23 10:31:05,388 avocado.core.task.statemachine DEBUG| Task "11-./pcache.py:PcacheTest.test;run-crc-disable-gc-gc80-test_script-xfstests-2703": requirements OK (will proceed to check dependencies)
2025-06-23 10:31:05,388 avocado.core.task.statemachine DEBUG| Task "11-./pcache.py:PcacheTest.test;run-crc-disable-gc-gc80-test_script-xfstests-2703": about to be spawned with "<avocado.plugins.spawners.process.ProcessSpawner object at 0x7ffb17e03b50>"
2025-06-23 10:31:05,392 avocado.core.task.statemachine DEBUG| Task "11-./pcache.py:PcacheTest.test;run-crc-disable-gc-gc80-test_script-xfstests-2703": spawned successfully
2025-06-23 10:31:06,041 avocado.core.status.repo DEBUG| Task "11-./pcache.py:PcacheTest.test;run-crc-disable-gc-gc80-test_script-xfstests-2703" started message: "{'status': 'started', 'time': 269252.877364722, 'output_dir': '/root/avocado/job-results/job-2025-06-23T06.54-d919d33/test-results/11-._pcache.py_PcacheTest.test_run-crc-disable-gc-gc80-test_script-xfstests-2703', 'id': '11-./pcache.py:PcacheTest.test;run-crc-disable-gc-gc80-test_script-xfstests-2703'}"
2025-06-23 10:31:06,080 avocado.test INFO | ./pcache.py:PcacheTest.test;run-crc-disable-gc-gc80-test_script-xfstests-2703: STARTED
2025-06-23 11:43:40,250 avocado.core.status.repo DEBUG| Task "11-./pcache.py:PcacheTest.test;run-crc-disable-gc-gc80-test_script-xfstests-2703" finished message: "{'result': 'pass', 'status': 'finished', 'time': 273606.943723972}"
2025-06-23 11:43:40,555 avocado.test INFO | ./pcache.py:PcacheTest.test;run-crc-disable-gc-gc80-test_script-xfstests-2703: PASS
2025-06-23 11:43:40,555 avocado.test INFO | More information in /root/avocado/job-results/job-2025-06-23T06.54-d919d33/test-results/11-._pcache.py_PcacheTest.test_run-crc-disable-gc-gc80-test_script-xfstests-2703
2025-06-23 11:43:47,073 avocado.core.task.statemachine DEBUG| Task "11-./pcache.py:PcacheTest.test;run-crc-disable-gc-gc80-test_script-xfstests-2703" finished
2025-06-23 11:43:47,091 avocado.core.task.statemachine DEBUG| Task "12-./pcache.py:PcacheTest.test;run-crc-disable-gc-gc80-test_script-misc-c958": requested -> triaging
2025-06-23 11:43:47,094 avocado.core.task.statemachine DEBUG| Task "12-./pcache.py:PcacheTest.test;run-crc-disable-gc-gc80-test_script-misc-c958": requirements OK (will proceed to check dependencies)
2025-06-23 11:43:47,095 avocado.core.task.statemachine DEBUG| Task "12-./pcache.py:PcacheTest.test;run-crc-disable-gc-gc80-test_script-misc-c958": about to be spawned with "<avocado.plugins.spawners.process.ProcessSpawner object at 0x7ffb17e03b50>"
2025-06-23 11:43:47,304 avocado.core.task.statemachine DEBUG| Task "12-./pcache.py:PcacheTest.test;run-crc-disable-gc-gc80-test_script-misc-c958": spawned successfully
2025-06-23 11:43:50,458 avocado.core.status.repo DEBUG| Task "12-./pcache.py:PcacheTest.test;run-crc-disable-gc-gc80-test_script-misc-c958" started message: "{'status': 'started', 'time': 273617.185623116, 'output_dir': '/root/avocado/job-results/job-2025-06-23T06.54-d919d33/test-results/12-._pcache.py_PcacheTest.test_run-crc-disable-gc-gc80-test_script-misc-c958', 'id': '12-./pcache.py:PcacheTest.test;run-crc-disable-gc-gc80-test_script-misc-c958'}"
2025-06-23 11:43:50,514 avocado.test INFO | ./pcache.py:PcacheTest.test;run-crc-disable-gc-gc80-test_script-misc-c958: STARTED
2025-06-23 11:44:39,131 avocado.core.status.repo DEBUG| Task "12-./pcache.py:PcacheTest.test;run-crc-disable-gc-gc80-test_script-misc-c958" finished message: "{'result': 'pass', 'status': 'finished', 'time': 273665.883222067}"
2025-06-23 11:44:39,171 avocado.test INFO | ./pcache.py:PcacheTest.test;run-crc-disable-gc-gc80-test_script-misc-c958: PASS
2025-06-23 11:44:39,171 avocado.test INFO | More information in /root/avocado/job-results/job-2025-06-23T06.54-d919d33/test-results/12-._pcache.py_PcacheTest.test_run-crc-disable-gc-gc80-test_script-misc-c958
2025-06-23 11:44:39,226 avocado.core.task.statemachine DEBUG| Task "12-./pcache.py:PcacheTest.test;run-crc-disable-gc-gc80-test_script-misc-c958" finished
2025-06-23 11:44:39,437 avocado.test INFO | Test results available in /root/avocado/job-results/job-2025-06-23T06.54-d919d33
2025-06-23 11:44:40,188 avocado.sysinfo DEBUG| Not logging /sys/kernel/debug/sched_features (file not found)
2025-06-23 11:44:40,292 avocado.sysinfo DEBUG| Not logging /proc/pci (file not found)
2025-06-23 11:44:40,306 avocado.sysinfo DEBUG| Not logging /sys/devices/system/cpu/cpu0/cpufreq/scaling_governor (file not found)
